2015-03-28T14:59:55.114-0800: 0.093: [GC [PSYoungGen: 1014K->400K(19456K)] 1014K->400K(62976K), 0.0016640 secs] [Times: user=0.00 sys=0.00, real=0.00 secs] 
2015-03-28T14:59:55.116-0800: 0.095: [Full GC [PSYoungGen: 400K->0K(19456K)] [ParOldGen: 0K->290K(43520K)] 400K->290K(62976K) [PSPermGen: 2559K->2558K(21504K)], 0.0107030 secs] [Times: user=0.02 sys=0.00, real=0.01 secs] 
Heap
 PSYoungGen      total 19456K, used 1014K [0x00000007eaa80000, 0x00000007ec000000, 0x0000000800000000)
  eden space 16896K, 6% used [0x00000007eaa80000,0x00000007eab7d840,0x00000007ebb00000)
  from space 2560K, 0% used [0x00000007ebb00000,0x00000007ebb00000,0x00000007ebd80000)
  to   space 2560K, 0% used [0x00000007ebd80000,0x00000007ebd80000,0x00000007ec000000)
 ParOldGen       total 43520K, used 290K [0x00000007c0000000, 0x00000007c2a80000, 0x00000007eaa80000)
  object space 43520K, 0% used [0x00000007c0000000,0x00000007c0048830,0x00000007c2a80000)
 PSPermGen       total 21504K, used 2568K [0x00000007bae00000, 0x00000007bc300000, 0x00000007c0000000)
  object space 21504K, 11% used [0x00000007bae00000,0x00000007bb0822e8,0x00000007bc300000)
